../Core/Src/main.c:99:1:__io_putchar	16	static
../Core/Src/main.c:104:6:max30102_setup	104	static
../Core/Src/main.c:112:6:max30102_pre_read	104	static
../Core/Src/main.c:133:6:max30102_main_loop	104	static
../Core/Src/main.c:179:5:main	8	static
../Core/Src/main.c:226:6:SystemClock_Config	72	static
../Core/Src/main.c:263:13:MX_I2C1_Init	8	static
../Core/Src/main.c:295:13:MX_I2C2_Init	8	static
../Core/Src/main.c:327:13:MX_USART2_UART_Init	8	static
../Core/Src/main.c:358:13:MX_GPIO_Init	40	static
../Core/Src/main.c:386:6:Error_Handler	4	static,ignoring_inline_asm
